<?xml version="1.0" encoding="ISO-8859-1" ?>
<link_info>
   <banner>TI ARM Linker Unix v20.2.5.LTS</banner>
   <copyright>Copyright (c) 1996-2018 Texas Instruments Incorporated</copyright>
   <link_time>0x60a54cc5</link_time>
   <link_errors>0x0</link_errors>
   <output_file>usb_dev_midi.out</output_file>
   <entry_point>
      <name>_c_int00_noargs</name>
      <address>0x28dd</address>
   </entry_point>
   <input_file_list>
      <input_file id="fl-1">
         <path>./</path>
         <kind>object</kind>
         <file>midi_usb_rx_task.obj</file>
         <name>midi_usb_rx_task.obj</name>
      </input_file>
      <input_file id="fl-2">
         <path>./</path>
         <kind>object</kind>
         <file>startup_ccs.obj</file>
         <name>startup_ccs.obj</name>
      </input_file>
      <input_file id="fl-3">
         <path>./</path>
         <kind>object</kind>
         <file>usb_dev_midi.obj</file>
         <name>usb_dev_midi.obj</name>
      </input_file>
      <input_file id="fl-4">
         <path>./include/usb_midi/</path>
         <kind>object</kind>
         <file>usb_midi_fifo.obj</file>
         <name>usb_midi_fifo.obj</name>
      </input_file>
      <input_file id="fl-5">
         <path>./include/usb_midi/</path>
         <kind>object</kind>
         <file>usbmidi.obj</file>
         <name>usbmidi.obj</name>
      </input_file>
      <input_file id="fl-6">
         <path>./include/usb_midi/</path>
         <kind>object</kind>
         <file>usbmidi_handlers.obj</file>
         <name>usbmidi_handlers.obj</name>
      </input_file>
      <input_file id="fl-7">
         <path>./utils/</path>
         <kind>object</kind>
         <file>uartstdio.obj</file>
         <name>uartstdio.obj</name>
      </input_file>
      <input_file id="fl-8">
         <path>./utils/</path>
         <kind>object</kind>
         <file>ustdlib.obj</file>
         <name>ustdlib.obj</name>
      </input_file>
      <input_file id="fl-e">
         <kind>object</kind>
         <file>&lt;internal&gt;</file>
         <name>&lt;internal&gt;</name>
      </input_file>
      <input_file id="fl-c4">
         <path>/home/can/ti/ccs1030/ccs/tools/compiler/ti-cgt-arm_20.2.5.LTS/lib/</path>
         <kind>archive</kind>
         <file>rtsv7M4_T_le_v4SPD16_eabi.lib</file>
         <name>u_divt2.asm.obj</name>
      </input_file>
      <input_file id="fl-c5">
         <path>/home/can/ti/ccs1030/ccs/tools/compiler/ti-cgt-arm_20.2.5.LTS/lib/</path>
         <kind>archive</kind>
         <file>rtsv7M4_T_le_v4SPD16_eabi.lib</file>
         <name>copy_zero_init.c.obj</name>
      </input_file>
      <input_file id="fl-c6">
         <path>/home/can/ti/ccs1030/ccs/tools/compiler/ti-cgt-arm_20.2.5.LTS/lib/</path>
         <kind>archive</kind>
         <file>rtsv7M4_T_le_v4SPD16_eabi.lib</file>
         <name>copy_decompress_none.c.obj</name>
      </input_file>
      <input_file id="fl-c7">
         <path>/home/can/ti/ccs1030/ccs/tools/compiler/ti-cgt-arm_20.2.5.LTS/lib/</path>
         <kind>archive</kind>
         <file>rtsv7M4_T_le_v4SPD16_eabi.lib</file>
         <name>copy_decompress_lzss.c.obj</name>
      </input_file>
      <input_file id="fl-c8">
         <path>/home/can/ti/ccs1030/ccs/tools/compiler/ti-cgt-arm_20.2.5.LTS/lib/</path>
         <kind>archive</kind>
         <file>rtsv7M4_T_le_v4SPD16_eabi.lib</file>
         <name>boot_cortex_m.c.obj</name>
      </input_file>
      <input_file id="fl-c9">
         <path>/home/can/ti/ccs1030/ccs/tools/compiler/ti-cgt-arm_20.2.5.LTS/lib/</path>
         <kind>archive</kind>
         <file>rtsv7M4_T_le_v4SPD16_eabi.lib</file>
         <name>div0.asm.obj</name>
      </input_file>
      <input_file id="fl-ca">
         <path>/home/can/ti/ccs1030/ccs/tools/compiler/ti-cgt-arm_20.2.5.LTS/lib/</path>
         <kind>archive</kind>
         <file>rtsv7M4_T_le_v4SPD16_eabi.lib</file>
         <name>memcpy_t2.asm.obj</name>
      </input_file>
      <input_file id="fl-cb">
         <path>/home/can/ti/ccs1030/ccs/tools/compiler/ti-cgt-arm_20.2.5.LTS/lib/</path>
         <kind>archive</kind>
         <file>rtsv7M4_T_le_v4SPD16_eabi.lib</file>
         <name>memset_t2.asm.obj</name>
      </input_file>
      <input_file id="fl-cc">
         <path>/home/can/ti/ccs1030/ccs/tools/compiler/ti-cgt-arm_20.2.5.LTS/lib/</path>
         <kind>archive</kind>
         <file>rtsv7M4_T_le_v4SPD16_eabi.lib</file>
         <name>autoinit.c.obj</name>
      </input_file>
      <input_file id="fl-cd">
         <path>/home/can/ti/ccs1030/ccs/tools/compiler/ti-cgt-arm_20.2.5.LTS/lib/</path>
         <kind>archive</kind>
         <file>rtsv7M4_T_le_v4SPD16_eabi.lib</file>
         <name>pre_init.c.obj</name>
      </input_file>
      <input_file id="fl-ce">
         <path>/home/can/ti/ccs1030/ccs/tools/compiler/ti-cgt-arm_20.2.5.LTS/lib/</path>
         <kind>archive</kind>
         <file>rtsv7M4_T_le_v4SPD16_eabi.lib</file>
         <name>cpy_tbl.c.obj</name>
      </input_file>
      <input_file id="fl-cf">
         <path>/home/can/ti/ccs1030/ccs/tools/compiler/ti-cgt-arm_20.2.5.LTS/lib/</path>
         <kind>archive</kind>
         <file>rtsv7M4_T_le_v4SPD16_eabi.lib</file>
         <name>exit.c.obj</name>
      </input_file>
      <input_file id="fl-d0">
         <path>/home/can/ti/ccs1030/ccs/tools/compiler/ti-cgt-arm_20.2.5.LTS/lib/</path>
         <kind>archive</kind>
         <file>rtsv7M4_T_le_v4SPD16_eabi.lib</file>
         <name>_lock.c.obj</name>
      </input_file>
      <input_file id="fl-d1">
         <path>/home/can/ti/ccs1030/ccs/tools/compiler/ti-cgt-arm_20.2.5.LTS/lib/</path>
         <kind>archive</kind>
         <file>rtsv7M4_T_le_v4SPD16_eabi.lib</file>
         <name>args_main.c.obj</name>
      </input_file>
      <input_file id="fl-d2">
         <path>/home/can/ti/TivaWare_C_Series-2.2.0.295/driverlib/ccs/Debug/</path>
         <kind>archive</kind>
         <file>driverlib.lib</file>
         <name>gpio.obj</name>
      </input_file>
      <input_file id="fl-d3">
         <path>/home/can/ti/TivaWare_C_Series-2.2.0.295/driverlib/ccs/Debug/</path>
         <kind>archive</kind>
         <file>driverlib.lib</file>
         <name>interrupt.obj</name>
      </input_file>
      <input_file id="fl-d4">
         <path>/home/can/ti/TivaWare_C_Series-2.2.0.295/driverlib/ccs/Debug/</path>
         <kind>archive</kind>
         <file>driverlib.lib</file>
         <name>sysctl.obj</name>
      </input_file>
      <input_file id="fl-d5">
         <path>/home/can/ti/TivaWare_C_Series-2.2.0.295/driverlib/ccs/Debug/</path>
         <kind>archive</kind>
         <file>driverlib.lib</file>
         <name>uart.obj</name>
      </input_file>
      <input_file id="fl-d6">
         <path>/home/can/ti/TivaWare_C_Series-2.2.0.295/driverlib/ccs/Debug/</path>
         <kind>archive</kind>
         <file>driverlib.lib</file>
         <name>usb.obj</name>
      </input_file>
      <input_file id="fl-d7">
         <path>/home/can/ti/TivaWare_C_Series-2.2.0.295/driverlib/ccs/Debug/</path>
         <kind>archive</kind>
         <file>driverlib.lib</file>
         <name>cpu.obj</name>
      </input_file>
      <input_file id="fl-d8">
         <path>/home/can/ti/TivaWare_C_Series-2.2.0.295/usblib/ccs/Debug/</path>
         <kind>archive</kind>
         <file>usblib.lib</file>
         <name>usbmode.obj</name>
      </input_file>
      <input_file id="fl-d9">
         <path>/home/can/ti/TivaWare_C_Series-2.2.0.295/usblib/ccs/Debug/</path>
         <kind>archive</kind>
         <file>usblib.lib</file>
         <name>usbtick.obj</name>
      </input_file>
      <input_file id="fl-da">
         <path>/home/can/ti/TivaWare_C_Series-2.2.0.295/usblib/ccs/Debug/</path>
         <kind>archive</kind>
         <file>usblib.lib</file>
         <name>usbdenum.obj</name>
      </input_file>
      <input_file id="fl-db">
         <path>/home/can/ti/TivaWare_C_Series-2.2.0.295/usblib/ccs/Debug/</path>
         <kind>archive</kind>
         <file>usblib.lib</file>
         <name>usbdhandler.obj</name>
      </input_file>
      <input_file id="fl-dc">
         <path>/home/can/ti/TivaWare_C_Series-2.2.0.295/usblib/ccs/Debug/</path>
         <kind>archive</kind>
         <file>usblib.lib</file>
         <name>usbhostenum.obj</name>
      </input_file>
      <input_file id="fl-dd">
         <path>/home/can/ti/TivaWare_C_Series-2.2.0.295/usblib/ccs/Debug/</path>
         <kind>archive</kind>
         <file>usblib.lib</file>
         <name>usbdesc.obj</name>
      </input_file>
      <input_file id="fl-de">
         <path>/home/can/ti/TivaWare_C_Series-2.2.0.295/usblib/ccs/Debug/</path>
         <kind>archive</kind>
         <file>usblib.lib</file>
         <name>usbdma.obj</name>
      </input_file>
      <input_file id="fl-df">
         <path>/home/can/ti/TivaWare_C_Series-2.2.0.295/usblib/ccs/Debug/</path>
         <kind>archive</kind>
         <file>usblib.lib</file>
         <name>usbulpi.obj</name>
      </input_file>
      <input_file id="fl-e0">
         <path>/home/can/ti/TivaWare_C_Series-2.2.0.295/usblib/ccs/Debug/</path>
         <kind>archive</kind>
         <file>usblib.lib</file>
         <name>usbdcdesc.obj</name>
      </input_file>
      <input_file id="fl-e1">
         <path>/home/can/ti/TivaWare_C_Series-2.2.0.295/usblib/ccs/Debug/</path>
         <kind>archive</kind>
         <file>usblib.lib</file>
         <name>usbdconfig.obj</name>
      </input_file>
      <input_file id="fl-e2">
         <path>/home/can/ti/TivaWare_C_Series-2.2.0.295/usblib/ccs/Debug/</path>
         <kind>archive</kind>
         <file>usblib.lib</file>
         <name>usbhhub.obj</name>
      </input_file>
      <input_file id="fl-e3">
         <path>/home/can/ti/TivaWare_C_Series-2.2.0.295/driverlib/ccs/Debug/</path>
         <kind>archive</kind>
         <file>driverlib.lib</file>
         <name>udma.obj</name>
      </input_file>
   </input_file_list>
   <object_component_list>
      <object_component id="oc-12">
         <name>.intvecs</name>
         <load_address>0x0</load_address>
         <run_address>0x0</run_address>
         <size>0x26c</size>
         <input_file_ref idref="fl-2"/>
      </object_component>
      <object_component id="oc-3e8">
         <name>.text:UARTvprintf</name>
         <load_address>0x26c</load_address>
         <run_address>0x26c</run_address>
         <size>0x1ee</size>
         <input_file_ref idref="fl-7"/>
      </object_component>
      <object_component id="oc-33">
         <name>.text:FaultISR</name>
         <load_address>0x45a</load_address>
         <run_address>0x45a</run_address>
         <size>0x2</size>
         <input_file_ref idref="fl-2"/>
      </object_component>
      <object_component id="oc-32e">
         <name>.text:GPIOPadConfigSet</name>
         <load_address>0x45c</load_address>
         <run_address>0x45c</run_address>
         <size>0x16c</size>
         <input_file_ref idref="fl-d2"/>
      </object_component>
      <object_component id="oc-39b">
         <name>.text:USBLibDMAInit</name>
         <load_address>0x5c8</load_address>
         <run_address>0x5c8</run_address>
         <size>0x164</size>
         <input_file_ref idref="fl-de"/>
      </object_component>
      <object_component id="oc-45">
         <name>.text:UARTStdioIntHandler</name>
         <load_address>0x72c</load_address>
         <run_address>0x72c</run_address>
         <size>0x160</size>
         <input_file_ref idref="fl-7"/>
      </object_component>
      <object_component id="oc-2a5">
         <name>.text:USBDCDInit</name>
         <load_address>0x88c</load_address>
         <run_address>0x88c</run_address>
         <size>0x150</size>
         <input_file_ref idref="fl-da"/>
      </object_component>
      <object_component id="oc-269">
         <name>.text:USBDEP0StateTxConfig</name>
         <load_address>0x9dc</load_address>
         <run_address>0x9dc</run_address>
         <size>0x150</size>
         <input_file_ref idref="fl-da"/>
      </object_component>
      <object_component id="oc-d1">
         <name>.text:USBDeviceIntHandlerInternal</name>
         <load_address>0xb2c</load_address>
         <run_address>0xb2c</run_address>
         <size>0x150</size>
         <input_file_ref idref="fl-da"/>
      </object_component>
      <object_component id="oc-5c6">
         <name>.text:USBDeviceConfig</name>
         <load_address>0xc7c</load_address>
         <run_address>0xc7c</run_address>
         <size>0x148</size>
         <input_file_ref idref="fl-e1"/>
      </object_component>
      <object_component id="oc-529">
         <name>.text:iDMAUSBTransfer</name>
         <load_address>0xdc4</load_address>
         <run_address>0xdc4</run_address>
         <size>0xf4</size>
         <input_file_ref idref="fl-de"/>
      </object_component>
      <object_component id="oc-44a">
         <name>.text:USBDGetDescriptor</name>
         <load_address>0xeb8</load_address>
         <run_address>0xeb8</run_address>
         <size>0xe4</size>
         <input_file_ref idref="fl-da"/>
      </object_component>
      <object_component id="oc-183">
         <name>.text:USBDeviceEnumHandler</name>
         <load_address>0xf9c</load_address>
         <run_address>0xf9c</run_address>
         <size>0xd8</size>
         <input_file_ref idref="fl-da"/>
      </object_component>
      <object_component id="oc-4b7">
         <name>.text:uDMAUSBChannelAllocate</name>
         <load_address>0x1074</load_address>
         <run_address>0x1074</run_address>
         <size>0xd0</size>
         <input_file_ref idref="fl-de"/>
      </object_component>
      <object_component id="oc-4f9">
         <name>.text:uDMAUSBTransfer</name>
         <load_address>0x1144</load_address>
         <run_address>0x1144</run_address>
         <size>0xbc</size>
         <input_file_ref idref="fl-de"/>
      </object_component>
      <object_component id="oc-572">
         <name>.text:HandleEndpoints</name>
         <load_address>0x1200</load_address>
         <run_address>0x1200</run_address>
         <size>0xb8</size>
         <input_file_ref idref="fl-6"/>
      </object_component>
      <object_component id="oc-2b8">
         <name>.text:UARTStdioConfig</name>
         <load_address>0x12b8</load_address>
         <run_address>0x12b8</run_address>
         <size>0xb0</size>
         <input_file_ref idref="fl-7"/>
      </object_component>
      <object_component id="oc-1af">
         <name>.text:Initialize</name>
         <load_address>0x1368</load_address>
         <run_address>0x1368</run_address>
         <size>0xac</size>
         <input_file_ref idref="fl-3"/>
      </object_component>
      <object_component id="oc-ab">
         <name>.text:UARTwrite</name>
         <load_address>0x1414</load_address>
         <run_address>0x1414</run_address>
         <size>0xac</size>
         <input_file_ref idref="fl-7"/>
      </object_component>
      <object_component id="oc-5f">
         <name>.text</name>
         <load_address>0x14c0</load_address>
         <run_address>0x14c0</run_address>
         <size>0x9c</size>
         <input_file_ref idref="fl-ca"/>
      </object_component>
      <object_component id="oc-468">
         <name>.text:USBDSetInterface</name>
         <load_address>0x155c</load_address>
         <run_address>0x155c</run_address>
         <size>0x98</size>
         <input_file_ref idref="fl-da"/>
      </object_component>
      <object_component id="oc-45c">
         <name>.text:USBDSetConfiguration</name>
         <load_address>0x15f4</load_address>
         <run_address>0x15f4</run_address>
         <size>0x90</size>
         <input_file_ref idref="fl-da"/>
      </object_component>
      <object_component id="oc-9f">
         <name>.text:UARTPrimeTransmit</name>
         <load_address>0x1684</load_address>
         <run_address>0x1684</run_address>
         <size>0x8c</size>
         <input_file_ref idref="fl-7"/>
      </object_component>
      <object_component id="oc-5da">
         <name>.text:USBDeviceConfigAlternate</name>
         <load_address>0x1710</load_address>
         <run_address>0x1710</run_address>
         <size>0x8c</size>
         <input_file_ref idref="fl-e1"/>
      </object_component>
      <object_component id="oc-50b">
         <name>.text:iDMAUSBChannelAllocate</name>
         <load_address>0x179c</load_address>
         <run_address>0x179c</run_address>
         <size>0x88</size>
         <input_file_ref idref="fl-de"/>
      </object_component>
      <object_component id="oc-105">
         <name>.text:main</name>
         <load_address>0x1824</load_address>
         <run_address>0x1824</run_address>
         <size>0x88</size>
         <input_file_ref idref="fl-3"/>
      </object_component>
      <object_component id="oc-438">
         <name>.text:USBDClearFeature</name>
         <load_address>0x18ac</load_address>
         <run_address>0x18ac</run_address>
         <size>0x7c</size>
         <input_file_ref idref="fl-da"/>
      </object_component>
      <object_component id="oc-639">
         <name>.text:uDMAChannelTransferSet</name>
         <load_address>0x1928</load_address>
         <run_address>0x1928</run_address>
         <size>0x7c</size>
         <input_file_ref idref="fl-e3"/>
      </object_component>
      <object_component id="oc-6c3">
         <name>.text:USBDevEndpointConfigSet</name>
         <load_address>0x19a4</load_address>
         <run_address>0x19a4</run_address>
         <size>0x7a</size>
         <input_file_ref idref="fl-d6"/>
      </object_component>
      <object_component id="oc-f9">
         <name>.text</name>
         <load_address>0x1a1e</load_address>
         <run_address>0x1a1e</run_address>
         <size>0x7a</size>
         <input_file_ref idref="fl-cb"/>
      </object_component>
      <object_component id="oc-432">
         <name>.text:USBDGetStatus</name>
         <load_address>0x1a98</load_address>
         <run_address>0x1a98</run_address>
         <size>0x78</size>
         <input_file_ref idref="fl-da"/>
      </object_component>
      <object_component id="oc-4ff">
         <name>.text:uDMAUSBUnitSizeSet</name>
         <load_address>0x1b10</load_address>
         <run_address>0x1b10</run_address>
         <size>0x72</size>
         <input_file_ref idref="fl-de"/>
      </object_component>
      <object_component id="oc-566">
         <name>.text:HandleResume</name>
         <load_address>0x1b82</load_address>
         <run_address>0x1b82</run_address>
         <size>0x2</size>
         <input_file_ref idref="fl-6"/>
      </object_component>
      <object_component id="oc-26f">
         <name>.text:USBDEP0StateTx</name>
         <load_address>0x1b84</load_address>
         <run_address>0x1b84</run_address>
         <size>0x70</size>
         <input_file_ref idref="fl-da"/>
      </object_component>
      <object_component id="oc-43e">
         <name>.text:USBDSetFeature</name>
         <load_address>0x1bf4</load_address>
         <run_address>0x1bf4</run_address>
         <size>0x70</size>
         <input_file_ref idref="fl-da"/>
      </object_component>
      <object_component id="oc-401">
         <name>.text:USBMIDI_InEpSendMessages</name>
         <load_address>0x1c64</load_address>
         <run_address>0x1c64</run_address>
         <size>0x70</size>
         <input_file_ref idref="fl-5"/>
      </object_component>
      <object_component id="oc-4b1">
         <name>.text:uDMAUSBArbSizeSet</name>
         <load_address>0x1cd4</load_address>
         <run_address>0x1cd4</run_address>
         <size>0x70</size>
         <input_file_ref idref="fl-de"/>
      </object_component>
      <object_component id="oc-1c1">
         <name>.text:ConfigureUART0</name>
         <load_address>0x1d44</load_address>
         <run_address>0x1d44</run_address>
         <size>0x68</size>
         <input_file_ref idref="fl-3"/>
      </object_component>
      <object_component id="oc-612">
         <name>.text:IntDisable</name>
         <load_address>0x1dac</load_address>
         <run_address>0x1dac</run_address>
         <size>0x68</size>
         <input_file_ref idref="fl-d3"/>
      </object_component>
      <object_component id="oc-3b9">
         <name>.text:IntEnable</name>
         <load_address>0x1e14</load_address>
         <run_address>0x1e14</run_address>
         <size>0x68</size>
         <input_file_ref idref="fl-d3"/>
      </object_component>
      <object_component id="oc-15">
         <name>.text:decompress:lzss:__TI_decompress_lzss</name>
         <load_address>0x1e7c</load_address>
         <run_address>0x1e7c</run_address>
         <size>0x68</size>
         <input_file_ref idref="fl-c7"/>
      </object_component>
      <object_component id="oc-60c">
         <name>.text:IntIsEnabled</name>
         <load_address>0x1ee4</load_address>
         <run_address>0x1ee4</run_address>
         <size>0x64</size>
         <input_file_ref idref="fl-d3"/>
      </object_component>
      <object_component id="oc-4c3">
         <name>.text:uDMAUSBChannelEnable</name>
         <load_address>0x1f48</load_address>
         <run_address>0x1f48</run_address>
         <size>0x64</size>
         <input_file_ref idref="fl-de"/>
      </object_component>
      <object_component id="oc-263">
         <name>.text:USBDReadAndDispatchRequest</name>
         <load_address>0x1fac</load_address>
         <run_address>0x1fac</run_address>
         <size>0x60</size>
         <input_file_ref idref="fl-da"/>
      </object_component>
      <object_component id="oc-24b">
         <name>.text:USBDevEndpointStatusClear</name>
         <load_address>0x200c</load_address>
         <run_address>0x200c</run_address>
         <size>0x5e</size>
         <input_file_ref idref="fl-d6"/>
      </object_component>
      <object_component id="oc-4d5">
         <name>.text:uDMAUSBChannelRelease</name>
         <load_address>0x206a</load_address>
         <run_address>0x206a</run_address>
         <size>0x56</size>
         <input_file_ref idref="fl-de"/>
      </object_component>
      <object_component id="oc-371">
         <name>.text:ULPIConfigSet</name>
         <load_address>0x20c0</load_address>
         <run_address>0x20c0</run_address>
         <size>0x52</size>
         <input_file_ref idref="fl-df"/>
      </object_component>
      <object_component id="oc-560">
         <name>.text:HandleSuspend</name>
         <load_address>0x2112</load_address>
         <run_address>0x2112</run_address>
         <size>0x2</size>
         <input_file_ref idref="fl-6"/>
      </object_component>
      <object_component id="oc-353">
         <name>.text:SysCtlPeripheralReset</name>
         <load_address>0x2114</load_address>
         <run_address>0x2114</run_address>
         <size>0x50</size>
         <input_file_ref idref="fl-d4"/>
      </object_component>
      <object_component id="oc-6b1">
         <name>.text:USBDCDConfigDescGet</name>
         <load_address>0x2164</load_address>
         <run_address>0x2164</run_address>
         <size>0x50</size>
         <input_file_ref idref="fl-e0"/>
      </object_component>
      <object_component id="oc-165">
         <name>.text:USBDeviceResumeTickHandler</name>
         <load_address>0x21b4</load_address>
         <run_address>0x21b4</run_address>
         <size>0x50</size>
         <input_file_ref idref="fl-da"/>
      </object_component>
      <object_component id="oc-6bd">
         <name>.text:GetEPDescriptorType</name>
         <load_address>0x2204</load_address>
         <run_address>0x2204</run_address>
         <size>0x4c</size>
         <input_file_ref idref="fl-e1"/>
      </object_component>
      <object_component id="oc-5bd">
         <name>.text:USBDStringIndexFromRequest</name>
         <load_address>0x2250</load_address>
         <run_address>0x2250</run_address>
         <size>0x4c</size>
         <input_file_ref idref="fl-da"/>
      </object_component>
      <object_component id="oc-645">
         <name>.text:USBEndpointDMAConfigSet</name>
         <load_address>0x229c</load_address>
         <run_address>0x229c</run_address>
         <size>0x4c</size>
         <input_file_ref idref="fl-d6"/>
      </object_component>
      <object_component id="oc-535">
         <name>.text:iDMAUSBChannelEnable</name>
         <load_address>0x22e8</load_address>
         <run_address>0x22e8</run_address>
         <size>0x4c</size>
         <input_file_ref idref="fl-de"/>
      </object_component>
      <object_component id="oc-6de">
         <name>.text:ConfigAlternateInterfaceGet</name>
         <load_address>0x2334</load_address>
         <run_address>0x2334</run_address>
         <size>0x4a</size>
         <input_file_ref idref="fl-e0"/>
      </object_component>
      <object_component id="oc-5b4">
         <name>.text:USBDevEndpointStallClear</name>
         <load_address>0x237e</load_address>
         <run_address>0x237e</run_address>
         <size>0x4a</size>
         <input_file_ref idref="fl-d6"/>
      </object_component>
      <object_component id="oc-4bd">
         <name>.text:uDMAUSBChannelDisable</name>
         <load_address>0x23c8</load_address>
         <run_address>0x23c8</run_address>
         <size>0x4a</size>
         <input_file_ref idref="fl-de"/>
      </object_component>
      <object_component id="oc-39">
         <name>.text:IntDefaultHandler</name>
         <load_address>0x2412</load_address>
         <run_address>0x2412</run_address>
         <size>0x2</size>
         <input_file_ref idref="fl-2"/>
      </object_component>
      <object_component id="oc-34d">
         <name>.text:USBDCDDeviceInfoInit</name>
         <load_address>0x2414</load_address>
         <run_address>0x2414</run_address>
         <size>0x48</size>
         <input_file_ref idref="fl-da"/>
      </object_component>
      <object_component id="oc-15f">
         <name>.text:USBDeviceEnumResetHandler</name>
         <load_address>0x245c</load_address>
         <run_address>0x245c</run_address>
         <size>0x48</size>
         <input_file_ref idref="fl-da"/>
      </object_component>
      <object_component id="oc-5f8">
         <name>.text:uDMAChannelAttributeDisable</name>
         <load_address>0x24a4</load_address>
         <run_address>0x24a4</run_address>
         <size>0x48</size>
         <input_file_ref idref="fl-e3"/>
      </object_component>
      <object_component id="oc-257">
         <name>.text:USBEndpointDataGet</name>
         <load_address>0x24ec</load_address>
         <run_address>0x24ec</run_address>
         <size>0x46</size>
         <input_file_ref idref="fl-d6"/>
      </object_component>
      <object_component id="oc-2d">
         <name>.text:NmiSR</name>
         <load_address>0x2532</load_address>
         <run_address>0x2532</run_address>
         <size>0x2</size>
         <input_file_ref idref="fl-2"/>
      </object_component>
      <object_component id="oc-1cd">
         <name>.text:MIDI_USB_Rx_Task</name>
         <load_address>0x2534</load_address>
         <run_address>0x2534</run_address>
         <size>0x44</size>
         <input_file_ref idref="fl-1"/>
      </object_component>
      <object_component id="oc-462">
         <name>.text:USBDGetInterface</name>
         <load_address>0x2578</load_address>
         <run_address>0x2578</run_address>
         <size>0x44</size>
         <input_file_ref idref="fl-da"/>
      </object_component>
      <object_component id="oc-1ec">
         <name>.text:__TI_auto_init_nobinit_nopinit:__TI_auto_init_nobinit_nopinit</name>
         <load_address>0x25bc</load_address>
         <run_address>0x25bc</run_address>
         <size>0x44</size>
         <input_file_ref idref="fl-cc"/>
      </object_component>
      <object_component id="oc-59a">
         <name>.text</name>
         <load_address>0x2600</load_address>
         <run_address>0x2600</run_address>
         <size>0x40</size>
         <input_file_ref idref="fl-c4"/>
      </object_component>
      <object_component id="oc-3db">
         <name>.text:UARTFlushTx</name>
         <load_address>0x2640</load_address>
         <run_address>0x2640</run_address>
         <size>0x3c</size>
         <input_file_ref idref="fl-7"/>
      </object_component>
      <object_component id="oc-52f">
         <name>.text:iDMAUSBChannelRelease</name>
         <load_address>0x267c</load_address>
         <run_address>0x267c</run_address>
         <size>0x3c</size>
         <input_file_ref idref="fl-de"/>
      </object_component>
      <object_component id="oc-6cf">
         <name>.text:USBFIFOConfigSet</name>
         <load_address>0x26b8</load_address>
         <run_address>0x26b8</run_address>
         <size>0x3a</size>
         <input_file_ref idref="fl-d6"/>
      </object_component>
      <object_component id="oc-505">
         <name>.text:iDMAUSBArbSizeSet</name>
         <load_address>0x26f2</load_address>
         <run_address>0x26f2</run_address>
         <size>0x2</size>
         <input_file_ref idref="fl-de"/>
      </object_component>
      <object_component id="oc-16b">
         <name>.text:InternalUSBStartOfFrameTick</name>
         <load_address>0x26f4</load_address>
         <run_address>0x26f4</run_address>
         <size>0x38</size>
         <input_file_ref idref="fl-d9"/>
      </object_component>
      <object_component id="oc-288">
         <name>.text:SysCtlPeripheralReady</name>
         <load_address>0x272c</load_address>
         <run_address>0x272c</run_address>
         <size>0x38</size>
         <input_file_ref idref="fl-d4"/>
      </object_component>
      <object_component id="oc-6b7">
         <name>.text:USBDCDConfigGetInterfaceEndpoint</name>
         <load_address>0x2764</load_address>
         <run_address>0x2764</run_address>
         <size>0x38</size>
         <input_file_ref idref="fl-e0"/>
      </object_component>
      <object_component id="oc-cb">
         <name>.text:USBIntStatusControl</name>
         <load_address>0x279c</load_address>
         <run_address>0x279c</run_address>
         <size>0x38</size>
         <input_file_ref idref="fl-d6"/>
      </object_component>
      <object_component id="oc-317">
         <name>.text:USBEndpointDataPut</name>
         <load_address>0x27d4</load_address>
         <run_address>0x27d4</run_address>
         <size>0x36</size>
         <input_file_ref idref="fl-d6"/>
      </object_component>
      <object_component id="oc-714">
         <name>.text:NextConfigDescGet</name>
         <load_address>0x280a</load_address>
         <run_address>0x280a</run_address>
         <size>0x34</size>
         <input_file_ref idref="fl-e0"/>
      </object_component>
      <object_component id="oc-541">
         <name>.text:iDMAUSBUnitSizeSet</name>
         <load_address>0x283e</load_address>
         <run_address>0x283e</run_address>
         <size>0x2</size>
         <input_file_ref idref="fl-de"/>
      </object_component>
      <object_component id="oc-359">
         <name>.text:SysCtlPeripheralEnable</name>
         <load_address>0x2840</load_address>
         <run_address>0x2840</run_address>
         <size>0x34</size>
         <input_file_ref idref="fl-d4"/>
      </object_component>
      <object_component id="oc-31d">
         <name>.text:USBEndpointDataSend</name>
         <load_address>0x2874</load_address>
         <run_address>0x2874</run_address>
         <size>0x34</size>
         <input_file_ref idref="fl-d6"/>
      </object_component>
      <object_component id="oc-3f4">
         <name>.text:USBMIDIFIFO_Pop</name>
         <load_address>0x28a8</load_address>
         <run_address>0x28a8</run_address>
         <size>0x34</size>
         <input_file_ref idref="fl-4"/>
      </object_component>
      <object_component id="oc-7d">
         <name>.text:_c_int00_noargs:_c_int00_noargs</name>
         <load_address>0x28dc</load_address>
         <run_address>0x28dc</run_address>
         <size>0x34</size>
         <input_file_ref idref="fl-c8"/>
      </object_component>
      <object_component id="oc-511">
         <name>.text:iDMAUSBChannelStatus</name>
         <load_address>0x2910</load_address>
         <run_address>0x2910</run_address>
         <size>0x34</size>
         <input_file_ref idref="fl-de"/>
      </object_component>
      <object_component id="oc-429">
         <name>.text:USBDevEndpointStall</name>
         <load_address>0x2944</load_address>
         <run_address>0x2944</run_address>
         <size>0x32</size>
         <input_file_ref idref="fl-d6"/>
      </object_component>
      <object_component id="oc-53b">
         <name>.text:iDMAUSBChannelDisable</name>
         <load_address>0x2976</load_address>
         <run_address>0x2976</run_address>
         <size>0x32</size>
         <input_file_ref idref="fl-de"/>
      </object_component>
      <object_component id="oc-4e1">
         <name>.text:DMAUSBIntHandler</name>
         <load_address>0x29a8</load_address>
         <run_address>0x29a8</run_address>
         <size>0x30</size>
         <input_file_ref idref="fl-de"/>
      </object_component>
      <object_component id="oc-3a1">
         <name>.text:InternalUSBTickInit</name>
         <load_address>0x29d8</load_address>
         <run_address>0x29d8</run_address>
         <size>0x30</size>
         <input_file_ref idref="fl-d9"/>
      </object_component>
      <object_component id="oc-456">
         <name>.text:USBDGetConfiguration</name>
         <load_address>0x2a08</load_address>
         <run_address>0x2a08</run_address>
         <size>0x30</size>
         <input_file_ref idref="fl-da"/>
      </object_component>
      <object_component id="oc-334">
         <name>.text:GPIODirModeSet</name>
         <load_address>0x2a38</load_address>
         <run_address>0x2a38</run_address>
         <size>0x2c</size>
         <input_file_ref idref="fl-d2"/>
      </object_component>
      <object_component id="oc-3d5">
         <name>.text:UARTFlushRx</name>
         <load_address>0x2a64</load_address>
         <run_address>0x2a64</run_address>
         <size>0x2c</size>
         <input_file_ref idref="fl-7"/>
      </object_component>
      <object_component id="oc-5ce">
         <name>.text:USBDCDConfigDescGetNum</name>
         <load_address>0x2a90</load_address>
         <run_address>0x2a90</run_address>
         <size>0x2c</size>
         <input_file_ref idref="fl-e0"/>
      </object_component>
      <object_component id="oc-70d">
         <name>.text:USBDescGet</name>
         <load_address>0x2abc</load_address>
         <run_address>0x2abc</run_address>
         <size>0x2c</size>
         <input_file_ref idref="fl-dd"/>
      </object_component>
      <object_component id="oc-4e7">
         <name>.text:uDMAUSBIntStatus</name>
         <load_address>0x2ae8</load_address>
         <run_address>0x2ae8</run_address>
         <size>0x2c</size>
         <input_file_ref idref="fl-de"/>
      </object_component>
      <object_component id="oc-6d7">
         <name>.text:USBDescGetNum</name>
         <load_address>0x2b14</load_address>
         <run_address>0x2b14</run_address>
         <size>0x2a</size>
         <input_file_ref idref="fl-dd"/>
      </object_component>
      <object_component id="oc-25d">
         <name>.text:USBDevEndpointDataAck</name>
         <load_address>0x2b3e</load_address>
         <run_address>0x2b3e</run_address>
         <size>0x2a</size>
         <input_file_ref idref="fl-d6"/>
      </object_component>
      <object_component id="oc-444">
         <name>.text:USBDSetAddress</name>
         <load_address>0x2b68</load_address>
         <run_address>0x2b68</run_address>
         <size>0x28</size>
         <input_file_ref idref="fl-da"/>
      </object_component>
      <object_component id="oc-3a7">
         <name>.text:USBIntEnableControl</name>
         <load_address>0x2b90</load_address>
         <run_address>0x2b90</run_address>
         <size>0x28</size>
         <input_file_ref idref="fl-d6"/>
      </object_component>
      <object_component id="oc-1bb">
         <name>.text:USBMIDI_Init</name>
         <load_address>0x2bb8</load_address>
         <run_address>0x2bb8</run_address>
         <size>0x28</size>
         <input_file_ref idref="fl-5"/>
      </object_component>
      <object_component id="oc-62a">
         <name>.text:uDMAChannelModeGet</name>
         <load_address>0x2be0</load_address>
         <run_address>0x2be0</run_address>
         <size>0x28</size>
         <input_file_ref idref="fl-e3"/>
      </object_component>
      <object_component id="oc-5fe">
         <name>.text:USBEndpointDMADisable</name>
         <load_address>0x2c08</load_address>
         <run_address>0x2c08</run_address>
         <size>0x24</size>
         <input_file_ref idref="fl-d6"/>
      </object_component>
      <object_component id="oc-618">
         <name>.text:USBEndpointDMAEnable</name>
         <load_address>0x2c2c</load_address>
         <run_address>0x2c2c</run_address>
         <size>0x24</size>
         <input_file_ref idref="fl-d6"/>
      </object_component>
      <object_component id="oc-3fb">
         <name>.text:USBMIDIFIFO_Push</name>
         <load_address>0x2c50</load_address>
         <run_address>0x2c50</run_address>
         <size>0x24</size>
         <input_file_ref idref="fl-4"/>
      </object_component>
      <object_component id="oc-2ce">
         <name>.text:USBMIDI_InEpMsgWrite</name>
         <load_address>0x2c74</load_address>
         <run_address>0x2c74</run_address>
         <size>0x24</size>
         <input_file_ref idref="fl-5"/>
      </object_component>
      <object_component id="oc-1b5">
         <name>.text:USBStackModeSet</name>
         <load_address>0x2c98</load_address>
         <run_address>0x2c98</run_address>
         <size>0x24</size>
         <input_file_ref idref="fl-d8"/>
      </object_component>
      <object_component id="oc-5eb">
         <name>.text:uDMAChannelControlSet</name>
         <load_address>0x2cbc</load_address>
         <run_address>0x2cbc</run_address>
         <size>0x24</size>
         <input_file_ref idref="fl-e3"/>
      </object_component>
      <object_component id="oc-55a">
         <name>.text:HandleConfigChange</name>
         <load_address>0x2ce0</load_address>
         <run_address>0x2ce0</run_address>
         <size>0x22</size>
         <input_file_ref idref="fl-6"/>
      </object_component>
      <object_component id="oc-4db">
         <name>.text:uDMAUSBChannelStatus</name>
         <load_address>0x2d02</load_address>
         <run_address>0x2d02</run_address>
         <size>0x22</size>
         <input_file_ref idref="fl-de"/>
      </object_component>
      <object_component id="oc-6c9">
         <name>.text:GetEndpointFIFOSize</name>
         <load_address>0x2d24</load_address>
         <run_address>0x2d24</run_address>
         <size>0x20</size>
         <input_file_ref idref="fl-e1"/>
      </object_component>
      <object_component id="oc-1d9">
         <name>.text:noteOff</name>
         <load_address>0x2d44</load_address>
         <run_address>0x2d44</run_address>
         <size>0x20</size>
         <input_file_ref idref="fl-3"/>
      </object_component>
      <object_component id="oc-1d3">
         <name>.text:noteOn</name>
         <load_address>0x2d64</load_address>
         <run_address>0x2d64</run_address>
         <size>0x20</size>
         <input_file_ref idref="fl-3"/>
      </object_component>
      <object_component id="oc-494">
         <name>.text:USBULPIRegRead</name>
         <load_address>0x2d84</load_address>
         <run_address>0x2d84</run_address>
         <size>0x1e</size>
         <input_file_ref idref="fl-d6"/>
      </object_component>
      <object_component id="oc-49a">
         <name>.text:USBULPIRegWrite</name>
         <load_address>0x2da2</load_address>
         <run_address>0x2da2</run_address>
         <size>0x1e</size>
         <input_file_ref idref="fl-d6"/>
      </object_component>
      <object_component id="oc-5d4">
         <name>.text:USBDCDConfigGetInterface</name>
         <load_address>0x2dc0</load_address>
         <run_address>0x2dc0</run_address>
         <size>0x1c</size>
         <input_file_ref idref="fl-e0"/>
      </object_component>
      <object_component id="oc-304">
         <name>.text:USBDCDStallEP0</name>
         <load_address>0x2ddc</load_address>
         <run_address>0x2ddc</run_address>
         <size>0x1c</size>
         <input_file_ref idref="fl-da"/>
      </object_component>
      <object_component id="oc-28e">
         <name>.text:GPIOPinTypeGPIOOutput</name>
         <load_address>0x2df8</load_address>
         <run_address>0x2df8</run_address>
         <size>0x1a</size>
         <input_file_ref idref="fl-d2"/>
      </object_component>
      <object_component id="oc-2c0">
         <name>.text:UARTprintf</name>
         <load_address>0x2e12</load_address>
         <run_address>0x2e12</run_address>
         <size>0x1a</size>
         <input_file_ref idref="fl-7"/>
      </object_component>
      <object_component id="oc-311">
         <name>.text:USBDCDConfigDescGetSize</name>
         <load_address>0x2e2c</load_address>
         <run_address>0x2e2c</run_address>
         <size>0x1a</size>
         <input_file_ref idref="fl-e0"/>
      </object_component>
      <object_component id="oc-5f2">
         <name>.text:USBEndpointDMAChannel</name>
         <load_address>0x2e46</load_address>
         <run_address>0x2e46</run_address>
         <size>0x1a</size>
         <input_file_ref idref="fl-d6"/>
      </object_component>
      <object_component id="oc-b1">
         <name>.text:IsBufferFull</name>
         <load_address>0x2e60</load_address>
         <run_address>0x2e60</run_address>
         <size>0x18</size>
         <input_file_ref idref="fl-7"/>
      </object_component>
      <object_component id="oc-4b">
         <name>.text:USB0DeviceIntHandler</name>
         <load_address>0x2e78</load_address>
         <run_address>0x2e78</run_address>
         <size>0x18</size>
         <input_file_ref idref="fl-db"/>
      </object_component>
      <object_component id="oc-450">
         <name>.text:USBDSetDescriptor</name>
         <load_address>0x2e90</load_address>
         <run_address>0x2e90</run_address>
         <size>0x18</size>
         <input_file_ref idref="fl-da"/>
      </object_component>
      <object_component id="oc-46e">
         <name>.text:USBDSyncFrame</name>
         <load_address>0x2ea8</load_address>
         <run_address>0x2ea8</run_address>
         <size>0x18</size>
         <input_file_ref idref="fl-da"/>
      </object_component>
      <object_component id="oc-605">
         <name>.text:uDMAChannelDisable</name>
         <load_address>0x2ec0</load_address>
         <run_address>0x2ec0</run_address>
         <size>0x18</size>
         <input_file_ref idref="fl-e3"/>
      </object_component>
      <object_component id="oc-61e">
         <name>.text:uDMAChannelEnable</name>
         <load_address>0x2ed8</load_address>
         <run_address>0x2ed8</run_address>
         <size>0x18</size>
         <input_file_ref idref="fl-e3"/>
      </object_component>
      <object_component id="oc-3ad">
         <name>.text:USBIntEnableEndpoint</name>
         <load_address>0x2ef0</load_address>
         <run_address>0x2ef0</run_address>
         <size>0x16</size>
         <input_file_ref idref="fl-d6"/>
      </object_component>
      <object_component id="oc-6a9">
         <name>.text</name>
         <load_address>0x2f06</load_address>
         <run_address>0x2f06</run_address>
         <size>0x2</size>
         <input_file_ref idref="fl-c9"/>
      </object_component>
      <object_component id="oc-35f">
         <name>.text:SysCtlUSBPLLEnable</name>
         <load_address>0x2f08</load_address>
         <run_address>0x2f08</run_address>
         <size>0x14</size>
         <input_file_ref idref="fl-d4"/>
      </object_component>
      <object_component id="oc-67d">
         <name>.text:USBDMAChannelConfigSet</name>
         <load_address>0x2f1c</load_address>
         <run_address>0x2f1c</run_address>
         <size>0x14</size>
         <input_file_ref idref="fl-d6"/>
      </object_component>
      <object_component id="oc-236">
         <name>.text:USBHostResume</name>
         <load_address>0x2f30</load_address>
         <run_address>0x2f30</run_address>
         <size>0x14</size>
         <input_file_ref idref="fl-d6"/>
      </object_component>
      <object_component id="oc-71e">
         <name>.text:_USBIndexWrite</name>
         <load_address>0x2f44</load_address>
         <run_address>0x2f44</run_address>
         <size>0x14</size>
         <input_file_ref idref="fl-d6"/>
      </object_component>
      <object_component id="oc-64e">
         <name>.text:USBDMAChannelDisable</name>
         <load_address>0x2f58</load_address>
         <run_address>0x2f58</run_address>
         <size>0x12</size>
         <input_file_ref idref="fl-d6"/>
      </object_component>
      <object_component id="oc-683">
         <name>.text:USBDMAChannelEnable</name>
         <load_address>0x2f6a</load_address>
         <run_address>0x2f6a</run_address>
         <size>0x12</size>
         <input_file_ref idref="fl-d6"/>
      </object_component>
      <object_component id="oc-66a">
         <name>.text:USBDMAChannelIntDisable</name>
         <load_address>0x2f7c</load_address>
         <run_address>0x2f7c</run_address>
         <size>0x12</size>
         <input_file_ref idref="fl-d6"/>
      </object_component>
      <object_component id="oc-663">
         <name>.text:USBDMAChannelIntEnable</name>
         <load_address>0x2f8e</load_address>
         <run_address>0x2f8e</run_address>
         <size>0x12</size>
         <input_file_ref idref="fl-d6"/>
      </object_component>
      <object_component id="oc-3f">
         <name>.text:SysTickIntHandler</name>
         <load_address>0x2fa0</load_address>
         <run_address>0x2fa0</run_address>
         <size>0x10</size>
         <input_file_ref idref="fl-3"/>
      </object_component>
      <object_component id="oc-245">
         <name>.text:USBEndpointStatus</name>
         <load_address>0x2fb0</load_address>
         <run_address>0x2fb0</run_address>
         <size>0x10</size>
         <input_file_ref idref="fl-d6"/>
      </object_component>
      <object_component id="oc-4ed">
         <name>.text:DMAUSBIntStatusClear</name>
         <load_address>0x2fc0</load_address>
         <run_address>0x2fc0</run_address>
         <size>0xe</size>
         <input_file_ref idref="fl-de"/>
      </object_component>
      <object_component id="oc-a5">
         <name>.text:IsBufferEmpty</name>
         <load_address>0x2fce</load_address>
         <run_address>0x2fce</run_address>
         <size>0xe</size>
         <input_file_ref idref="fl-7"/>
      </object_component>
      <object_component id="oc-655">
         <name>.text:USBDMAChannelStatus</name>
         <load_address>0x2fdc</load_address>
         <run_address>0x2fdc</run_address>
         <size>0xe</size>
         <input_file_ref idref="fl-d6"/>
      </object_component>
      <object_component id="oc-389">
         <name>.text:USBDevLPMDisable</name>
         <load_address>0x2fea</load_address>
         <run_address>0x2fea</run_address>
         <size>0xe</size>
         <input_file_ref idref="fl-d6"/>
      </object_component>
      <object_component id="oc-177">
         <name>.text:USBDevLPMEnable</name>
         <load_address>0x2ff8</load_address>
         <run_address>0x2ff8</run_address>
         <size>0xe</size>
         <input_file_ref idref="fl-d6"/>
      </object_component>
      <object_component id="oc-377">
         <name>.text:USBULPIDisable</name>
         <load_address>0x3006</load_address>
         <run_address>0x3006</run_address>
         <size>0xe</size>
         <input_file_ref idref="fl-d6"/>
      </object_component>
      <object_component id="oc-36b">
         <name>.text:USBULPIEnable</name>
         <load_address>0x3014</load_address>
         <run_address>0x3014</run_address>
         <size>0xe</size>
         <input_file_ref idref="fl-d6"/>
      </object_component>
      <object_component id="oc-1b">
         <name>.text:decompress:none:__TI_decompress_none</name>
         <load_address>0x3022</load_address>
         <run_address>0x3022</run_address>
         <size>0xe</size>
         <input_file_ref idref="fl-c6"/>
      </object_component>
      <object_component id="oc-63f">
         <name>.text:USBEndpointPacketCountSet</name>
         <load_address>0x3030</load_address>
         <run_address>0x3030</run_address>
         <size>0xc</size>
         <input_file_ref idref="fl-d6"/>
      </object_component>
      <object_component id="oc-395">
         <name>.text:USBLPMIntEnable</name>
         <load_address>0x303c</load_address>
         <run_address>0x303c</run_address>
         <size>0xc</size>
         <input_file_ref idref="fl-d6"/>
      </object_component>
      <object_component id="oc-1c7">
         <name>.text:USBMIDI_IsConnected</name>
         <load_address>0x3048</load_address>
         <run_address>0x3048</run_address>
         <size>0xc</size>
         <input_file_ref idref="fl-5"/>
      </object_component>
      <object_component id="oc-2c6">
         <name>.text:USBMIDI_OutEpFIFO_Pop</name>
         <load_address>0x3054</load_address>
         <run_address>0x3054</run_address>
         <size>0xc</size>
         <input_file_ref idref="fl-5"/>
      </object_component>
      <object_component id="oc-71">
         <name>.text:decompress:ZI:__TI_zero_init</name>
         <load_address>0x3060</load_address>
         <run_address>0x3060</run_address>
         <size>0xc</size>
         <input_file_ref idref="fl-c5"/>
      </object_component>
      <object_component id="oc-365">
         <name>.text:USBClockEnable</name>
         <load_address>0x306c</load_address>
         <run_address>0x306c</run_address>
         <size>0xa</size>
         <input_file_ref idref="fl-d6"/>
      </object_component>
      <object_component id="oc-4a8">
         <name>.text:USBControllerVersion</name>
         <load_address>0x3076</load_address>
         <run_address>0x3076</run_address>
         <size>0xa</size>
         <input_file_ref idref="fl-d6"/>
      </object_component>
      <object_component id="oc-671">
         <name>.text:USBDMAChannelAddressSet</name>
         <load_address>0x3080</load_address>
         <run_address>0x3080</run_address>
         <size>0xa</size>
         <input_file_ref idref="fl-d6"/>
      </object_component>
      <object_component id="oc-677">
         <name>.text:USBDMAChannelCountSet</name>
         <load_address>0x308a</load_address>
         <run_address>0x308a</run_address>
         <size>0xa</size>
         <input_file_ref idref="fl-d6"/>
      </object_component>
      <object_component id="oc-3b3">
         <name>.text:USBDevConnect</name>
         <load_address>0x3094</load_address>
         <run_address>0x3094</run_address>
         <size>0xa</size>
         <input_file_ref idref="fl-d6"/>
      </object_component>
      <object_component id="oc-189">
         <name>.text:USBDevDisconnect</name>
         <load_address>0x309e</load_address>
         <run_address>0x309e</run_address>
         <size>0xa</size>
         <input_file_ref idref="fl-d6"/>
      </object_component>
      <object_component id="oc-17d">
         <name>.text:USBIntStatusEndpoint</name>
         <load_address>0x30a8</load_address>
         <run_address>0x30a8</run_address>
         <size>0xa</size>
         <input_file_ref idref="fl-d6"/>
      </object_component>
      <object_component id="oc-29f">
         <name>.text:USBMIDIFIFO_Init</name>
         <load_address>0x30b2</load_address>
         <run_address>0x30b2</run_address>
         <size>0xa</size>
         <input_file_ref idref="fl-4"/>
      </object_component>
      <object_component id="oc-56c">
         <name>.text:HandleDisconnect</name>
         <load_address>0x30bc</load_address>
         <run_address>0x30bc</run_address>
         <size>0x8</size>
         <input_file_ref idref="fl-6"/>
      </object_component>
      <object_component id="oc-383">
         <name>.text:USBDevMode</name>
         <load_address>0x30c4</load_address>
         <run_address>0x30c4</run_address>
         <size>0x8</size>
         <input_file_ref idref="fl-d6"/>
      </object_component>
      <object_component id="oc-633">
         <name>.text:USBFIFOAddrGet</name>
         <load_address>0x30cc</load_address>
         <run_address>0x30cc</run_address>
         <size>0x8</size>
         <input_file_ref idref="fl-d6"/>
      </object_component>
      <object_component id="oc-37d">
         <name>.text:USBOTGMode</name>
         <load_address>0x30d4</load_address>
         <run_address>0x30d4</run_address>
         <size>0x8</size>
         <input_file_ref idref="fl-d6"/>
      </object_component>
      <object_component id="oc-523">
         <name>.text:iDMAUSBChannelIntDisable</name>
         <load_address>0x30dc</load_address>
         <run_address>0x30dc</run_address>
         <size>0x8</size>
         <input_file_ref idref="fl-de"/>
      </object_component>
      <object_component id="oc-51d">
         <name>.text:iDMAUSBChannelIntEnable</name>
         <load_address>0x30e4</load_address>
         <run_address>0x30e4</run_address>
         <size>0x8</size>
         <input_file_ref idref="fl-de"/>
      </object_component>
      <object_component id="oc-554">
         <name>.text:HandleRequests</name>
         <load_address>0x30ec</load_address>
         <run_address>0x30ec</run_address>
         <size>0x6</size>
         <input_file_ref idref="fl-6"/>
      </object_component>
      <object_component id="oc-27">
         <name>.text:ResetISR</name>
         <load_address>0x30f2</load_address>
         <run_address>0x30f2</run_address>
         <size>0x6</size>
         <input_file_ref idref="fl-2"/>
      </object_component>
      <object_component id="oc-2b2">
         <name>.text:UARTClockSourceSet</name>
         <load_address>0x30f8</load_address>
         <run_address>0x30f8</run_address>
         <size>0x6</size>
         <input_file_ref idref="fl-d5"/>
      </object_component>
      <object_component id="oc-65c">
         <name>.text:USBDMAChannelIntStatus</name>
         <load_address>0x30fe</load_address>
         <run_address>0x30fe</run_address>
         <size>0x6</size>
         <input_file_ref idref="fl-d6"/>
      </object_component>
      <object_component id="oc-38f">
         <name>.text:USBDevLPMConfig</name>
         <load_address>0x3104</load_address>
         <run_address>0x3104</run_address>
         <size>0x6</size>
         <input_file_ref idref="fl-d6"/>
      </object_component>
      <object_component id="oc-171">
         <name>.text:USBLPMIntStatus</name>
         <load_address>0x310a</load_address>
         <run_address>0x310a</run_address>
         <size>0x6</size>
         <input_file_ref idref="fl-d6"/>
      </object_component>
      <object_component id="oc-517">
         <name>.text:iDMAUSBIntStatus</name>
         <load_address>0x3110</load_address>
         <run_address>0x3110</run_address>
         <size>0x6</size>
         <input_file_ref idref="fl-de"/>
      </object_component>
      <object_component id="oc-4f3">
         <name>.text:DMAUSBStatus</name>
         <load_address>0x3116</load_address>
         <run_address>0x3116</run_address>
         <size>0x4</size>
         <input_file_ref idref="fl-de"/>
      </object_component>
      <object_component id="oc-251">
         <name>.text:USBDevAddrSet</name>
         <load_address>0x311a</load_address>
         <run_address>0x311a</run_address>
         <size>0x4</size>
         <input_file_ref idref="fl-d6"/>
      </object_component>
      <object_component id="oc-ff">
         <name>.text:_system_pre_init</name>
         <load_address>0x311e</load_address>
         <run_address>0x311e</run_address>
         <size>0x4</size>
         <input_file_ref idref="fl-cd"/>
      </object_component>
      <object_component id="oc-1e0">
         <name>.text:abort:abort</name>
         <load_address>0x3122</load_address>
         <run_address>0x3122</run_address>
         <size>0x4</size>
         <input_file_ref idref="fl-cf"/>
      </object_component>
      <object_component id="oc-4cf">
         <name>.text:uDMAUSBChannelIntDisable</name>
         <load_address>0x3126</load_address>
         <run_address>0x3126</run_address>
         <size>0x2</size>
         <input_file_ref idref="fl-de"/>
      </object_component>
      <object_component id="oc-4c9">
         <name>.text:uDMAUSBChannelIntEnable</name>
         <load_address>0x3128</load_address>
         <run_address>0x3128</run_address>
         <size>0x2</size>
         <input_file_ref idref="fl-de"/>
      </object_component>
      <object_component id="oc-742">
         <name>.const:.string:g_pui8MidiStreamInterface</name>
         <load_address>0x312c</load_address>
         <run_address>0x312c</run_address>
         <size>0x66</size>
         <input_file_ref idref="fl-5"/>
      </object_component>
      <object_component id="oc-58d">
         <name>.const:.string:g_pui8ConfigString</name>
         <load_address>0x3192</load_address>
         <run_address>0x3192</run_address>
         <size>0x36</size>
         <input_file_ref idref="fl-5"/>
      </object_component>
      <object_component id="oc-30d">
         <name>.const:g_psUSBDStdRequests</name>
         <load_address>0x31c8</load_address>
         <run_address>0x31c8</run_address>
         <size>0x34</size>
         <input_file_ref idref="fl-da"/>
      </object_component>
      <object_component id="oc-3c5">
         <name>.const:MidiHandlers</name>
         <load_address>0x31fc</load_address>
         <run_address>0x31fc</run_address>
         <size>0x30</size>
         <input_file_ref idref="fl-5"/>
      </object_component>
      <object_component id="oc-587">
         <name>.const:.string:g_pui8ProductString</name>
         <load_address>0x322c</load_address>
         <run_address>0x322c</run_address>
         <size>0x1c</size>
         <input_file_ref idref="fl-5"/>
      </object_component>
      <object_component id="oc-584">
         <name>.const:.string:g_pui8ManufacturerString</name>
         <load_address>0x3248</load_address>
         <run_address>0x3248</run_address>
         <size>0x18</size>
         <input_file_ref idref="fl-5"/>
      </object_component>
      <object_component id="oc-6ed">
         <name>.const:g_pui32Dii16Regs</name>
         <load_address>0x3260</load_address>
         <run_address>0x3260</run_address>
         <size>0x14</size>
         <input_file_ref idref="fl-d3"/>
      </object_component>
      <object_component id="oc-54d">
         <name>.const:g_pui32EnRegs</name>
         <load_address>0x3274</load_address>
         <run_address>0x3274</run_address>
         <size>0x14</size>
         <input_file_ref idref="fl-d3"/>
      </object_component>
      <object_component id="oc-3ce">
         <name>.const:stringDescriptors</name>
         <load_address>0x3288</load_address>
         <run_address>0x3288</run_address>
         <size>0x14</size>
         <input_file_ref idref="fl-5"/>
      </object_component>
      <object_component id="oc-3c8">
         <name>.const:.string:g_pui8AudioMIDIDeviceDescriptor</name>
         <load_address>0x329c</load_address>
         <run_address>0x329c</run_address>
         <size>0x12</size>
         <input_file_ref idref="fl-5"/>
      </object_component>
      <object_component id="oc-73d">
         <name>.const:.string:g_pui8AudioMidiControlInterface</name>
         <load_address>0x32ae</load_address>
         <run_address>0x32ae</run_address>
         <size>0x12</size>
         <input_file_ref idref="fl-5"/>
      </object_component>
      <object_component id="oc-58a">
         <name>.const:.string:g_pui8SerialNumberString</name>
         <load_address>0x32c0</load_address>
         <run_address>0x32c0</run_address>
         <size>0x12</size>
         <input_file_ref idref="fl-5"/>
      </object_component>
      <object_component id="oc-3e4">
         <name>.const:g_ui32UARTBase</name>
         <load_address>0x32d4</load_address>
         <run_address>0x32d4</run_address>
         <size>0xc</size>
         <input_file_ref idref="fl-7"/>
      </object_component>
      <object_component id="oc-147">
         <name>.const:g_ui32UARTInt</name>
         <load_address>0x32e0</load_address>
         <run_address>0x32e0</run_address>
         <size>0xc</size>
         <input_file_ref idref="fl-7"/>
      </object_component>
      <object_component id="oc-3e1">
         <name>.const:g_ui32UARTPeriph</name>
         <load_address>0x32ec</load_address>
         <run_address>0x32ec</run_address>
         <size>0xc</size>
         <input_file_ref idref="fl-7"/>
      </object_component>
      <object_component id="oc-738">
         <name>.const:.string:g_pui8MidiDescriptor</name>
         <load_address>0x32f8</load_address>
         <run_address>0x32f8</run_address>
         <size>0x9</size>
         <input_file_ref idref="fl-5"/>
      </object_component>
      <object_component id="oc-704">
         <name>.const:g_sAudioMidiControlInterfaceSection</name>
         <load_address>0x3304</load_address>
         <run_address>0x3304</run_address>
         <size>0x8</size>
         <input_file_ref idref="fl-5"/>
      </object_component>
      <object_component id="oc-57c">
         <name>.const:g_sMidiConfigHeader</name>
         <load_address>0x330c</load_address>
         <run_address>0x330c</run_address>
         <size>0x8</size>
         <input_file_ref idref="fl-5"/>
      </object_component>
      <object_component id="oc-701">
         <name>.const:g_sMidiConfigSection</name>
         <load_address>0x3314</load_address>
         <run_address>0x3314</run_address>
         <size>0x8</size>
         <input_file_ref idref="fl-5"/>
      </object_component>
      <object_component id="oc-707">
         <name>.const:g_sMidiStreamInterfaceSection</name>
         <load_address>0x331c</load_address>
         <run_address>0x331c</run_address>
         <size>0x8</size>
         <input_file_ref idref="fl-5"/>
      </object_component>
      <object_component id="oc-581">
         <name>.const:.string:g_pui8LangDescriptor</name>
         <load_address>0x3324</load_address>
         <run_address>0x3324</run_address>
         <size>0x4</size>
         <input_file_ref idref="fl-5"/>
      </object_component>
      <object_component id="oc-3cb">
         <name>.const:g_ppMidiConfigDescriptors</name>
         <load_address>0x3328</load_address>
         <run_address>0x3328</run_address>
         <size>0x4</size>
         <input_file_ref idref="fl-5"/>
      </object_component>
      <object_component id="oc-782">
         <name>.cinit..data.load</name>
         <load_address>0x3330</load_address>
         <run_address>0x3330</run_address>
         <size>0x36</size>
      </object_component>
      <object_component id="oc-780">
         <name>__TI_handler_table</name>
         <load_address>0x3368</load_address>
         <run_address>0x3368</run_address>
         <size>0xc</size>
      </object_component>
      <object_component id="oc-783">
         <name>.cinit..bss.load</name>
         <load_address>0x3378</load_address>
         <run_address>0x3378</run_address>
         <size>0x8</size>
      </object_component>
      <object_component id="oc-781">
         <name>__TI_cinit_table</name>
         <load_address>0x3380</load_address>
         <run_address>0x3380</run_address>
         <size>0x10</size>
      </object_component>
      <object_component id="oc-69a">
         <name>.data:g_psMidiSections</name>
         <load_address>0x20000cc4</load_address>
         <run_address>0x20000cc4</run_address>
         <size>0xc</size>
         <input_file_ref idref="fl-5"/>
      </object_component>
      <object_component id="oc-2ae">
         <name>.data:USBMIDIDeviceInfo</name>
         <load_address>0x20000cb0</load_address>
         <run_address>0x20000cb0</run_address>
         <size>0x14</size>
         <input_file_ref idref="fl-5"/>
      </object_component>
      <object_component id="oc-b7">
         <name>.data</name>
         <load_address>0x20000c98</load_address>
         <run_address>0x20000c98</run_address>
         <size>0x15</size>
         <input_file_ref idref="fl-7"/>
      </object_component>
      <object_component id="oc-296">
         <name>.data</name>
         <load_address>0x20000cdc</load_address>
         <run_address>0x20000cdc</run_address>
         <size>0x9</size>
         <input_file_ref idref="fl-d8"/>
      </object_component>
      <object_component id="oc-193">
         <name>.data</name>
         <load_address>0x20000cd0</load_address>
         <run_address>0x20000cd0</run_address>
         <size>0xc</size>
         <input_file_ref idref="fl-d9"/>
      </object_component>
      <object_component id="oc-196">
         <name>.data</name>
         <load_address>0x20000ce8</load_address>
         <run_address>0x20000ce8</run_address>
         <size>0x8</size>
         <input_file_ref idref="fl-da"/>
      </object_component>
      <object_component id="oc-2ab">
         <name>.bss:g_sUsbMidiDevice</name>
         <uninitialized>true</uninitialized>
         <run_address>0x20000400</run_address>
         <size>0x224</size>
         <input_file_ref idref="fl-5"/>
      </object_component>
      <object_component id="oc-ba">
         <name>.bss</name>
         <uninitialized>true</uninitialized>
         <run_address>0x20000874</run_address>
         <size>0x8</size>
         <input_file_ref idref="fl-7"/>
      </object_component>
      <object_component id="oc-14a">
         <name>.bss:g_pcUARTTxBuffer</name>
         <uninitialized>true</uninitialized>
         <run_address>0x20000000</run_address>
         <size>0x400</size>
         <input_file_ref idref="fl-7"/>
      </object_component>
      <object_component id="oc-bd">
         <name>.bss:g_pcUARTRxBuffer</name>
         <uninitialized>true</uninitialized>
         <run_address>0x20000734</run_address>
         <size>0x80</size>
         <input_file_ref idref="fl-7"/>
      </object_component>
      <object_component id="oc-299">
         <name>.bss</name>
         <uninitialized>true</uninitialized>
         <run_address>0x20000880</run_address>
         <size>0x4</size>
         <input_file_ref idref="fl-d8"/>
      </object_component>
      <object_component id="oc-30a">
         <name>.bss:g_pui8DataBufferIn</name>
         <uninitialized>true</uninitialized>
         <run_address>0x20000804</run_address>
         <size>0x40</size>
         <input_file_ref idref="fl-da"/>
      </object_component>
      <object_component id="oc-3bf">
         <name>.bss</name>
         <uninitialized>true</uninitialized>
         <run_address>0x2000087c</run_address>
         <size>0x4</size>
         <input_file_ref idref="fl-da"/>
      </object_component>
      <object_component id="oc-4ae">
         <name>.bss:g_psUSBDMAInst</name>
         <uninitialized>true</uninitialized>
         <run_address>0x20000624</run_address>
         <size>0x110</size>
         <input_file_ref idref="fl-de"/>
      </object_component>
      <object_component id="oc-95">
         <name>.common:g_ui32SysTickCount</name>
         <uninitialized>true</uninitialized>
         <run_address>0x2000088c</run_address>
         <size>0x4</size>
      </object_component>
      <object_component id="oc-294">
         <name>.common:g_ui32SysClock</name>
         <uninitialized>true</uninitialized>
         <run_address>0x20000888</run_address>
         <size>0x4</size>
      </object_component>
      <object_component id="oc-2d4">
         <name>.common:txmsg</name>
         <uninitialized>true</uninitialized>
         <run_address>0x20000894</run_address>
         <size>0x4</size>
      </object_component>
      <object_component id="oc-2cc">
         <name>.common:rxmsg</name>
         <uninitialized>true</uninitialized>
         <run_address>0x20000890</run_address>
         <size>0x4</size>
      </object_component>
      <object_component id="oc-23d">
         <name>.common:g_pfnTickHandlers</name>
         <uninitialized>true</uninitialized>
         <run_address>0x20000844</run_address>
         <size>0x18</size>
      </object_component>
      <object_component id="oc-240">
         <name>.common:g_pvTickInstance</name>
         <uninitialized>true</uninitialized>
         <run_address>0x2000085c</run_address>
         <size>0x18</size>
      </object_component>
      <object_component id="oc-192">
         <name>.common:g_psDCDInst</name>
         <uninitialized>true</uninitialized>
         <run_address>0x200007b4</run_address>
         <size>0x50</size>
      </object_component>
      <object_component id="oc-18f">
         <name>.common:g_ppsDevInfo</name>
         <uninitialized>true</uninitialized>
         <run_address>0x20000884</run_address>
         <size>0x4</size>
      </object_component>
      <object_component id="oc-24">
         <name>.stack</name>
         <uninitialized>true</uninitialized>
         <run_address>0x20000898</run_address>
         <size>0x4</size>
         <input_file_ref idref="fl-c8"/>
      </object_component>
      <object_component id="oc-785">
         <name>.stack</name>
         <uninitialized>true</uninitialized>
         <run_address>0x20000898</run_address>
         <size>0x0</size>
      </object_component>
      <object_component id="oc-96">
         <name>.debug_info</name>
         <load_address>0x0</load_address>
         <run_address>0x0</run_address>
         <size>0x3d0</size>
         <input_file_ref idref="fl-1"/>
      </object_component>
      <object_component id="oc-1ce">
         <name>.debug_info</name>
         <load_address>0x3d0</load_address>
         <run_address>0x3d0</run_address>
         <size>0x157</size>
         <input_file_ref idref="fl-1"/>
      </object_component>
      <object_component id="oc-119">
         <name>.debug_info</name>
         <load_address>0x527</load_address>
         <run_address>0x527</run_address>
         <size>0x233</size>
         <input_file_ref idref="fl-1"/>
      </object_component>
      <object_component id="oc-df">
         <name>.debug_info</name>
         <load_address>0x75a</load_address>
         <run_address>0x75a</run_address>
         <size>0x26b</size>
         <input_file_ref idref="fl-1"/>
      </object_component>
      <object_component id="oc-140">
         <name>.debug_info</name>
         <load_address>0x9c5</load_address>
         <run_address>0x9c5</run_address>
         <size>0x87</size>
         <input_file_ref idref="fl-1"/>
      </object_component>
      <object_component id="oc-c1">
         <name>.debug_info</name>
         <load_address>0xa4c</load_address>
         <run_address>0xa4c</run_address>
         <size>0x8b</size>
         <input_file_ref idref="fl-1"/>
      </object_component>
      <object_component id="oc-158">
         <name>.debug_info</name>
         <load_address>0xad7</load_address>
         <run_address>0xad7</run_address>
         <size>0x2a4</size>
         <input_file_ref idref="fl-1"/>
      </object_component>
      <object_component id="oc-c6">
         <name>.debug_info</name>
         <load_address>0xd7b</load_address>
         <run_address>0xd7b</run_address>
         <size>0xbb</size>
         <input_file_ref idref="fl-1"/>
      </object_component>
      <object_component id="oc-3ef">
         <name>.debug_info</name>
         <load_address>0xe36</load_address>
         <run_address>0xe36</run_address>
         <size>0x2c</size>
         <input_file_ref idref="fl-1"/>
      </object_component>
      <object_component id="oc-11e">
         <name>.debug_info</name>
         <load_address>0xe62</load_address>
         <run_address>0xe62</run_address>
         <size>0x35</size>
         <input_file_ref idref="fl-1"/>
      </object_component>
      <object_component id="oc-53">
         <name>.debug_info</name>
         <load_address>0xe97</load_address>
         <run_address>0xe97</run_address>
         <size>0x324</size>
         <input_file_ref idref="fl-2"/>
      </object_component>
      <object_component id="oc-13">
         <name>.debug_info</name>
         <load_address>0x11bb</load_address>
         <run_address>0x11bb</run_address>
         <size>0xdb</size>
         <input_file_ref idref="fl-2"/>
      </object_component>
      <object_component id="oc-28">
         <name>.debug_info</name>
         <load_address>0x1296</load_address>
         <run_address>0x1296</run_address>
         <size>0x10b</size>
         <input_file_ref idref="fl-2"/>
      </object_component>
      <object_component id="oc-2e">
         <name>.debug_info</name>
         <load_address>0x13a1</load_address>
         <run_address>0x13a1</run_address>
         <size>0xfc</size>
         <input_file_ref idref="fl-2"/>
      </object_component>
      <object_component id="oc-3a">
         <name>.debug_info</name>
         <load_address>0x149d</load_address>
         <run_address>0x149d</run_address>
         <size>0x114</size>
         <input_file_ref idref="fl-2"/>
      </object_component>
      <object_component id="oc-34">
         <name>.debug_info</name>
         <load_address>0x15b1</load_address>
         <run_address>0x15b1</run_address>
         <size>0x102</size>
         <input_file_ref idref="fl-2"/>
      </object_component>
      <object_component id="oc-5a">
         <name>.debug_info</name>
         <load_address>0x16b3</load_address>
         <run_address>0x16b3</run_address>
         <size>0x84</size>
         <input_file_ref idref="fl-2"/>
      </object_component>
      <object_component id="oc-98">
         <name>.debug_info</name>
         <load_address>0x1737</load_address>
         <run_address>0x1737</run_address>
         <size>0x6c1</size>
         <input_file_ref idref="fl-3"/>
      </object_component>
      <object_component id="oc-1d4">
         <name>.debug_info</name>
         <load_address>0x1df8</load_address>
         <run_address>0x1df8</run_address>
         <size>0x1a7</size>
         <input_file_ref idref="fl-3"/>
      </object_component>
      <object_component id="oc-1da">
         <name>.debug_info</name>
         <load_address>0x1f9f</load_address>
         <run_address>0x1f9f</run_address>
         <size>0x1a9</size>
         <input_file_ref idref="fl-3"/>
      </object_component>
      <object_component id="oc-1b0">
         <name>.debug_info</name>
         <load_address>0x2148</load_address>
         <run_address>0x2148</run_address>
         <size>0x197</size>
         <input_file_ref idref="fl-3"/>
      </object_component>
      <object_component id="oc-1c2">
         <name>.debug_info</name>
         <load_address>0x22df</load_address>
         <run_address>0x22df</run_address>
         <size>0x16c</size>
         <input_file_ref idref="fl-3"/>
      </object_component>
      <object_component id="oc-106">
         <name>.debug_info</name>
         <load_address>0x244b</load_address>
         <run_address>0x244b</run_address>
         <size>0x1e6</size>
         <input_file_ref idref="fl-3"/>
      </object_component>
      <object_component id="oc-40">
         <name>.debug_info</name>
         <load_address>0x2631</load_address>
         <run_address>0x2631</run_address>
         <size>0x120</size>
         <input_file_ref idref="fl-3"/>
      </object_component>
      <object_component id="oc-125">
         <name>.debug_info</name>
         <load_address>0x2751</load_address>
         <run_address>0x2751</run_address>
         <size>0x234</size>
         <input_file_ref idref="fl-3"/>
      </object_component>
      <object_component id="oc-12a">
         <name>.debug_info</name>
         <load_address>0x2985</load_address>
         <run_address>0x2985</run_address>
         <size>0x122</size>
         <input_file_ref idref="fl-3"/>
      </object_component>
      <object_component id="oc-12f">
         <name>.debug_info</name>
         <load_address>0x2aa7</load_address>
         <run_address>0x2aa7</run_address>
         <size>0xa85</size>
         <input_file_ref idref="fl-3"/>
      </object_component>
      <object_component id="oc-21e">
         <name>.debug_info</name>
         <load_address>0x352c</load_address>
         <run_address>0x352c</run_address>
         <size>0xe4</size>
         <input_file_ref idref="fl-3"/>
      </object_component>
      <object_component id="oc-34c">
         <name>.debug_info</name>
         <load_address>0x3610</load_address>
         <run_address>0x3610</run_address>
         <size>0x296</size>
         <input_file_ref idref="fl-4"/>
      </object_component>
      <object_component id="oc-3fc">
         <name>.debug_info</name>
         <load_address>0x38a6</load_address>
         <run_address>0x38a6</run_address>
         <size>0x194</size>
         <input_file_ref idref="fl-4"/>
      </object_component>
      <object_component id="oc-3f5">
         <name>.debug_info</name>
         <load_address>0x3a3a</load_address>
         <run_address>0x3a3a</run_address>
         <size>0x196</size>
         <input_file_ref idref="fl-4"/>
      </object_component>
      <object_component id="oc-2a0">
         <name>.debug_info</name>
         <load_address>0x3bd0</load_address>
         <run_address>0x3bd0</run_address>
         <size>0x176</size>
         <input_file_ref idref="fl-4"/>
      </object_component>
      <object_component id="oc-9a">
         <name>.debug_info</name>
         <load_address>0x3d46</load_address>
         <run_address>0x3d46</run_address>
         <size>0x920</size>
         <input_file_ref idref="fl-5"/>
      </object_component>
      <object_component id="oc-3c9">
         <name>.debug_info</name>
         <load_address>0x4666</load_address>
         <run_address>0x4666</run_address>
         <size>0x10e</size>
         <input_file_ref idref="fl-5"/>
      </object_component>
      <object_component id="oc-739">
         <name>.debug_info</name>
         <load_address>0x4774</load_address>
         <run_address>0x4774</run_address>
         <size>0xf8</size>
         <input_file_ref idref="fl-5"/>
      </object_component>
      <object_component id="oc-73e">
         <name>.debug_info</name>
         <load_address>0x486c</load_address>
         <run_address>0x486c</run_address>
         <size>0x10e</size>
         <input_file_ref idref="fl-5"/>
      </object_component>
      <object_component id="oc-743">
         <name>.debug_info</name>
         <load_address>0x497a</load_address>
         <run_address>0x497a</run_address>
         <size>0x102</size>
         <input_file_ref idref="fl-5"/>
      </object_component>
      <object_component id="oc-702">
         <name>.debug_info</name>
         <load_address>0x4a7c</load_address>
         <run_address>0x4a7c</run_address>
         <size>0xf9</size>
         <input_file_ref idref="fl-5"/>
      </object_component>
      <object_component id="oc-708">
         <name>.debug_info</name>
         <load_address>0x4b75</load_address>
         <run_address>0x4b75</run_address>
         <size>0x10b</size>
         <input_file_ref idref="fl-5"/>
      </object_component>
      <object_component id="oc-705">
         <name>.debug_info</name>
         <load_address>0x4c80</load_address>
         <run_address>0x4c80</run_address>
         <size>0x117</size>
         <input_file_ref idref="fl-5"/>
      </object_component>
      <object_component id="oc-69b">
         <name>.debug_info</name>
         <load_address>0x4d97</load_address>
         <run_address>0x4d97</run_address>
         <size>0xf1</size>
         <input_file_ref idref="fl-5"/>
      </object_component>
      <object_component id="oc-57d">
         <name>.debug_info</name>
         <load_address>0x4e88</load_address>
[...]
      <symbol id="sm-334">
         <name>UARTStdioIntHandler</name>
         <value>0x72d</value>
         <object_component_ref idref="oc-45"/>
      </symbol>
      <symbol id="sm-335">
         <name>UARTwrite</name>
         <value>0x1415</value>
         <object_component_ref idref="oc-ab"/>
      </symbol>
      <symbol id="sm-336">
         <name>UARTprintf</name>
         <value>0x2e13</value>
         <object_component_ref idref="oc-2c0"/>
      </symbol>
      <symbol id="sm-337">
         <name>UARTvprintf</name>
         <value>0x26d</value>
         <object_component_ref idref="oc-3e8"/>
      </symbol>
      <symbol id="sm-347">
         <name>__aeabi_uidivmod</name>
         <value>0x2601</value>
         <object_component_ref idref="oc-59a"/>
      </symbol>
      <symbol id="sm-348">
         <name>__aeabi_uidiv</name>
         <value>0x2601</value>
         <object_component_ref idref="oc-59a"/>
      </symbol>
      <symbol id="sm-35f">
         <name>__TI_zero_init</name>
         <value>0x3061</value>
         <object_component_ref idref="oc-71"/>
      </symbol>
      <symbol id="sm-376">
         <name>__TI_decompress_none</name>
         <value>0x3023</value>
         <object_component_ref idref="oc-1b"/>
      </symbol>
      <symbol id="sm-399">
         <name>__TI_decompress_lzss</name>
         <value>0x1e7d</value>
         <object_component_ref idref="oc-15"/>
      </symbol>
      <symbol id="sm-3ac">
         <name>__stack</name>
         <value>0x20000898</value>
         <object_component_ref idref="oc-24"/>
      </symbol>
      <symbol id="sm-3ad">
         <name>_c_int00_noargs</name>
         <value>0x28dd</value>
         <object_component_ref idref="oc-7d"/>
      </symbol>
      <symbol id="sm-3b7">
         <name>__aeabi_idiv0</name>
         <value>0x2f07</value>
         <object_component_ref idref="oc-6a9"/>
      </symbol>
      <symbol id="sm-3b8">
         <name>__aeabi_ldiv0</name>
         <value>0x2f07</value>
         <object_component_ref idref="oc-6a9"/>
      </symbol>
      <symbol id="sm-3d3">
         <name>memcpy</name>
         <value>0x14c1</value>
         <object_component_ref idref="oc-5f"/>
      </symbol>
      <symbol id="sm-3d4">
         <name>__aeabi_memcpy</name>
         <value>0x14c1</value>
         <object_component_ref idref="oc-5f"/>
      </symbol>
      <symbol id="sm-3d5">
         <name>__aeabi_memcpy8</name>
         <value>0x14c1</value>
         <object_component_ref idref="oc-5f"/>
      </symbol>
      <symbol id="sm-3d6">
         <name>__aeabi_memcpy4</name>
         <value>0x14c1</value>
         <object_component_ref idref="oc-5f"/>
      </symbol>
      <symbol id="sm-3e5">
         <name>__aeabi_memset</name>
         <value>0x1a21</value>
         <object_component_ref idref="oc-f9"/>
      </symbol>
      <symbol id="sm-3e6">
         <name>memset</name>
         <value>0x1a27</value>
         <object_component_ref idref="oc-f9"/>
      </symbol>
      <symbol id="sm-3e7">
         <name>__aeabi_memset8</name>
         <value>0x1a21</value>
         <object_component_ref idref="oc-f9"/>
      </symbol>
      <symbol id="sm-3e8">
         <name>__aeabi_memset4</name>
         <value>0x1a21</value>
         <object_component_ref idref="oc-f9"/>
      </symbol>
      <symbol id="sm-3e9">
         <name>__aeabi_memclr8</name>
         <value>0x1a1f</value>
         <object_component_ref idref="oc-f9"/>
      </symbol>
      <symbol id="sm-3ea">
         <name>__aeabi_memclr4</name>
         <value>0x1a1f</value>
         <object_component_ref idref="oc-f9"/>
      </symbol>
      <symbol id="sm-3eb">
         <name>__aeabi_memclr</name>
         <value>0x1a1f</value>
         <object_component_ref idref="oc-f9"/>
      </symbol>
      <symbol id="sm-413">
         <name>__TI_auto_init_nobinit_nopinit</name>
         <value>0x25bd</value>
         <object_component_ref idref="oc-1ec"/>
      </symbol>
      <symbol id="sm-41d">
         <name>_system_pre_init</name>
         <value>0x311f</value>
         <object_component_ref idref="oc-ff"/>
      </symbol>
      <symbol id="sm-429">
         <name>C$$EXIT</name>
         <value>0x3123</value>
         <object_component_ref idref="oc-1e0"/>
      </symbol>
      <symbol id="sm-42a">
         <name>abort</name>
         <value>0x3123</value>
         <object_component_ref idref="oc-1e0"/>
      </symbol>
      <symbol id="sm-466">
         <name>GPIOPinTypeGPIOOutput</name>
         <value>0x2df9</value>
         <object_component_ref idref="oc-28e"/>
      </symbol>
      <symbol id="sm-467">
         <name>GPIODirModeSet</name>
         <value>0x2a39</value>
         <object_component_ref idref="oc-334"/>
      </symbol>
      <symbol id="sm-468">
         <name>GPIOPadConfigSet</name>
         <value>0x45d</value>
         <object_component_ref idref="oc-32e"/>
      </symbol>
      <symbol id="sm-4b2">
         <name>IntIsEnabled</name>
         <value>0x1ee5</value>
         <object_component_ref idref="oc-60c"/>
      </symbol>
      <symbol id="sm-4b3">
         <name>IntEnable</name>
         <value>0x1e15</value>
         <object_component_ref idref="oc-3b9"/>
      </symbol>
      <symbol id="sm-4b4">
         <name>IntDisable</name>
         <value>0x1dad</value>
         <object_component_ref idref="oc-612"/>
      </symbol>
      <symbol id="sm-4e8">
         <name>SysCtlPeripheralEnable</name>
         <value>0x2841</value>
         <object_component_ref idref="oc-359"/>
      </symbol>
      <symbol id="sm-4e9">
         <name>SysCtlUSBPLLEnable</name>
         <value>0x2f09</value>
         <object_component_ref idref="oc-35f"/>
      </symbol>
      <symbol id="sm-4ea">
         <name>SysCtlPeripheralReady</name>
         <value>0x272d</value>
         <object_component_ref idref="oc-288"/>
      </symbol>
      <symbol id="sm-4eb">
         <name>SysCtlPeripheralReset</name>
         <value>0x2115</value>
         <object_component_ref idref="oc-353"/>
      </symbol>
      <symbol id="sm-4f8">
         <name>UARTClockSourceSet</name>
         <value>0x30f9</value>
         <object_component_ref idref="oc-2b2"/>
      </symbol>
      <symbol id="sm-6a4">
         <name>USBLPMIntEnable</name>
         <value>0x303d</value>
         <object_component_ref idref="oc-395"/>
      </symbol>
      <symbol id="sm-6a5">
         <name>USBClockEnable</name>
         <value>0x306d</value>
         <object_component_ref idref="oc-365"/>
      </symbol>
      <symbol id="sm-6a6">
         <name>USBDevDisconnect</name>
         <value>0x309f</value>
         <object_component_ref idref="oc-189"/>
      </symbol>
      <symbol id="sm-6a7">
         <name>USBDevEndpointStallClear</name>
         <value>0x237f</value>
         <object_component_ref idref="oc-5b4"/>
      </symbol>
      <symbol id="sm-6a8">
         <name>USBEndpointDataPut</name>
         <value>0x27d5</value>
         <object_component_ref idref="oc-317"/>
      </symbol>
      <symbol id="sm-6a9">
         <name>USBDMAChannelIntStatus</name>
         <value>0x30ff</value>
         <object_component_ref idref="oc-65c"/>
      </symbol>
      <symbol id="sm-6aa">
         <name>USBDevAddrSet</name>
         <value>0x311b</value>
         <object_component_ref idref="oc-251"/>
      </symbol>
      <symbol id="sm-6ab">
         <name>USBDMAChannelCountSet</name>
         <value>0x308b</value>
         <object_component_ref idref="oc-677"/>
      </symbol>
      <symbol id="sm-6ac">
         <name>USBLPMIntStatus</name>
         <value>0x310b</value>
         <object_component_ref idref="oc-171"/>
      </symbol>
      <symbol id="sm-6ad">
         <name>USBDMAChannelAddressSet</name>
         <value>0x3081</value>
         <object_component_ref idref="oc-671"/>
      </symbol>
      <symbol id="sm-6ae">
         <name>USBULPIDisable</name>
         <value>0x3007</value>
         <object_component_ref idref="oc-377"/>
      </symbol>
      <symbol id="sm-6af">
         <name>USBIntStatusControl</name>
         <value>0x279d</value>
         <object_component_ref idref="oc-cb"/>
      </symbol>
      <symbol id="sm-6b0">
         <name>USBEndpointDMADisable</name>
         <value>0x2c09</value>
         <object_component_ref idref="oc-5fe"/>
      </symbol>
      <symbol id="sm-6b1">
         <name>USBDevEndpointDataAck</name>
         <value>0x2b3f</value>
         <object_component_ref idref="oc-25d"/>
      </symbol>
      <symbol id="sm-6b2">
         <name>USBOTGMode</name>
         <value>0x30d5</value>
         <object_component_ref idref="oc-37d"/>
      </symbol>
      <symbol id="sm-6b3">
         <name>USBDMAChannelConfigSet</name>
         <value>0x2f1d</value>
         <object_component_ref idref="oc-67d"/>
      </symbol>
      <symbol id="sm-6b4">
         <name>USBULPIRegRead</name>
         <value>0x2d85</value>
         <object_component_ref idref="oc-494"/>
      </symbol>
      <symbol id="sm-6b5">
         <name>USBDevMode</name>
         <value>0x30c5</value>
         <object_component_ref idref="oc-383"/>
      </symbol>
      <symbol id="sm-6b6">
         <name>USBIntEnableEndpoint</name>
         <value>0x2ef1</value>
         <object_component_ref idref="oc-3ad"/>
      </symbol>
      <symbol id="sm-6b7">
         <name>USBEndpointDataGet</name>
         <value>0x24ed</value>
         <object_component_ref idref="oc-257"/>
      </symbol>
      <symbol id="sm-6b8">
         <name>USBDevEndpointStatusClear</name>
         <value>0x200d</value>
         <object_component_ref idref="oc-24b"/>
      </symbol>
      <symbol id="sm-6b9">
         <name>USBULPIEnable</name>
         <value>0x3015</value>
         <object_component_ref idref="oc-36b"/>
      </symbol>
      <symbol id="sm-6ba">
         <name>USBFIFOAddrGet</name>
         <value>0x30cd</value>
         <object_component_ref idref="oc-633"/>
      </symbol>
      <symbol id="sm-6bb">
         <name>USBDMAChannelStatus</name>
         <value>0x2fdd</value>
         <object_component_ref idref="oc-655"/>
      </symbol>
      <symbol id="sm-6bc">
         <name>USBULPIRegWrite</name>
         <value>0x2da3</value>
         <object_component_ref idref="oc-49a"/>
      </symbol>
      <symbol id="sm-6bd">
         <name>USBDMAChannelIntEnable</name>
         <value>0x2f8f</value>
         <object_component_ref idref="oc-663"/>
      </symbol>
      <symbol id="sm-6be">
         <name>USBDevLPMConfig</name>
         <value>0x3105</value>
         <object_component_ref idref="oc-38f"/>
      </symbol>
      <symbol id="sm-6bf">
         <name>USBDevLPMEnable</name>
         <value>0x2ff9</value>
         <object_component_ref idref="oc-177"/>
      </symbol>
      <symbol id="sm-6c0">
         <name>USBControllerVersion</name>
         <value>0x3077</value>
         <object_component_ref idref="oc-4a8"/>
      </symbol>
      <symbol id="sm-6c1">
         <name>USBFIFOConfigSet</name>
         <value>0x26b9</value>
         <object_component_ref idref="oc-6cf"/>
      </symbol>
      <symbol id="sm-6c2">
         <name>USBEndpointDMAEnable</name>
         <value>0x2c2d</value>
         <object_component_ref idref="oc-618"/>
      </symbol>
      <symbol id="sm-6c3">
         <name>USBDevLPMDisable</name>
         <value>0x2feb</value>
         <object_component_ref idref="oc-389"/>
      </symbol>
      <symbol id="sm-6c4">
         <name>USBEndpointDataSend</name>
         <value>0x2875</value>
         <object_component_ref idref="oc-31d"/>
      </symbol>
      <symbol id="sm-6c5">
         <name>USBIntStatusEndpoint</name>
         <value>0x30a9</value>
         <object_component_ref idref="oc-17d"/>
      </symbol>
      <symbol id="sm-6c6">
         <name>USBEndpointStatus</name>
         <value>0x2fb1</value>
         <object_component_ref idref="oc-245"/>
      </symbol>
      <symbol id="sm-6c7">
         <name>USBEndpointPacketCountSet</name>
         <value>0x3031</value>
         <object_component_ref idref="oc-63f"/>
      </symbol>
      <symbol id="sm-6c8">
         <name>USBDMAChannelIntDisable</name>
         <value>0x2f7d</value>
         <object_component_ref idref="oc-66a"/>
      </symbol>
      <symbol id="sm-6c9">
         <name>USBEndpointDMAConfigSet</name>
         <value>0x229d</value>
         <object_component_ref idref="oc-645"/>
      </symbol>
      <symbol id="sm-6ca">
         <name>USBDevEndpointStall</name>
         <value>0x2945</value>
         <object_component_ref idref="oc-429"/>
      </symbol>
      <symbol id="sm-6cb">
         <name>USBDevConnect</name>
         <value>0x3095</value>
         <object_component_ref idref="oc-3b3"/>
      </symbol>
      <symbol id="sm-6cc">
         <name>USBDevEndpointConfigSet</name>
         <value>0x19a5</value>
         <object_component_ref idref="oc-6c3"/>
      </symbol>
      <symbol id="sm-6cd">
         <name>USBDMAChannelDisable</name>
         <value>0x2f59</value>
         <object_component_ref idref="oc-64e"/>
      </symbol>
      <symbol id="sm-6ce">
         <name>USBDMAChannelEnable</name>
         <value>0x2f6b</value>
         <object_component_ref idref="oc-683"/>
      </symbol>
      <symbol id="sm-6cf">
         <name>USBHostResume</name>
         <value>0x2f31</value>
         <object_component_ref idref="oc-236"/>
      </symbol>
      <symbol id="sm-6d0">
         <name>USBIntEnableControl</name>
         <value>0x2b91</value>
         <object_component_ref idref="oc-3a7"/>
      </symbol>
      <symbol id="sm-6d1">
         <name>USBEndpointDMAChannel</name>
         <value>0x2e47</value>
         <object_component_ref idref="oc-5f2"/>
      </symbol>
      <symbol id="sm-716">
         <name>g_iUSBMode</name>
         <value>0x20000cdc</value>
         <object_component_ref idref="oc-296"/>
      </symbol>
      <symbol id="sm-717">
         <name>USBStackModeSet</name>
         <value>0x2c99</value>
         <object_component_ref idref="oc-1b5"/>
      </symbol>
      <symbol id="sm-718">
         <name>g_ui32WaitTicks</name>
         <value>0x20000ce0</value>
         <object_component_ref idref="oc-296"/>
      </symbol>
      <symbol id="sm-742">
         <name>g_pfnTickHandlers</name>
         <value>0x20000844</value>
      </symbol>
      <symbol id="sm-743">
         <name>g_pvTickInstance</name>
         <value>0x2000085c</value>
      </symbol>
      <symbol id="sm-744">
         <name>g_ui32USBSOFCount</name>
         <value>0x20000cd8</value>
         <object_component_ref idref="oc-193"/>
      </symbol>
      <symbol id="sm-745">
         <name>g_bUSBTimerInitialized</name>
         <value>0x20000cd0</value>
         <object_component_ref idref="oc-193"/>
      </symbol>
      <symbol id="sm-746">
         <name>g_ui32CurrentUSBTick</name>
         <value>0x20000cd4</value>
         <object_component_ref idref="oc-193"/>
      </symbol>
      <symbol id="sm-747">
         <name>InternalUSBStartOfFrameTick</name>
         <value>0x26f5</value>
         <object_component_ref idref="oc-16b"/>
      </symbol>
      <symbol id="sm-748">
         <name>InternalUSBTickInit</name>
         <value>0x29d9</value>
         <object_component_ref idref="oc-3a1"/>
      </symbol>
      <symbol id="sm-8cf">
         <name>g_psDCDInst</name>
         <value>0x200007b4</value>
      </symbol>
      <symbol id="sm-8d0">
         <name>g_ppsDevInfo</name>
         <value>0x20000884</value>
      </symbol>
      <symbol id="sm-8d1">
         <name>USBDCDStallEP0</name>
         <value>0x2ddd</value>
         <object_component_ref idref="oc-304"/>
      </symbol>
      <symbol id="sm-8d2">
         <name>USBDeviceEnumHandler</name>
         <value>0xf9d</value>
         <object_component_ref idref="oc-183"/>
      </symbol>
      <symbol id="sm-8d3">
         <name>USBDCDInit</name>
         <value>0x88d</value>
         <object_component_ref idref="oc-2a5"/>
      </symbol>
      <symbol id="sm-8d4">
         <name>USBDeviceEnumResetHandler</name>
         <value>0x245d</value>
         <object_component_ref idref="oc-15f"/>
      </symbol>
      <symbol id="sm-8d5">
         <name>USBDCDDeviceInfoInit</name>
         <value>0x2415</value>
         <object_component_ref idref="oc-34d"/>
      </symbol>
      <symbol id="sm-8d6">
         <name>USBDeviceIntHandlerInternal</name>
         <value>0xb2d</value>
         <object_component_ref idref="oc-d1"/>
      </symbol>
      <symbol id="sm-8d7">
         <name>USBDeviceResumeTickHandler</name>
         <value>0x21b5</value>
         <object_component_ref idref="oc-165"/>
      </symbol>
      <symbol id="sm-8e3">
         <name>USB0DeviceIntHandler</name>
         <value>0x2e79</value>
         <object_component_ref idref="oc-4b"/>
      </symbol>
      <symbol id="sm-907">
         <name>USBDescGet</name>
         <value>0x2abd</value>
         <object_component_ref idref="oc-70d"/>
      </symbol>
      <symbol id="sm-908">
         <name>USBDescGetNum</name>
         <value>0x2b15</value>
         <object_component_ref idref="oc-6d7"/>
      </symbol>
      <symbol id="sm-a48">
         <name>USBLibDMAInit</name>
         <value>0x5c9</value>
         <object_component_ref idref="oc-39b"/>
      </symbol>
      <symbol id="sm-a55">
         <name>ULPIConfigSet</name>
         <value>0x20c1</value>
         <object_component_ref idref="oc-371"/>
      </symbol>
      <symbol id="sm-aa5">
         <name>USBDCDConfigDescGet</name>
         <value>0x2165</value>
         <object_component_ref idref="oc-6b1"/>
      </symbol>
      <symbol id="sm-aa6">
         <name>USBDCDConfigGetInterface</name>
         <value>0x2dc1</value>
         <object_component_ref idref="oc-5d4"/>
      </symbol>
      <symbol id="sm-aa7">
         <name>USBDCDConfigDescGetSize</name>
         <value>0x2e2d</value>
         <object_component_ref idref="oc-311"/>
      </symbol>
      <symbol id="sm-aa8">
         <name>USBDCDConfigGetInterfaceEndpoint</name>
         <value>0x2765</value>
         <object_component_ref idref="oc-6b7"/>
      </symbol>
      <symbol id="sm-aa9">
         <name>USBDCDConfigDescGetNum</name>
         <value>0x2a91</value>
         <object_component_ref idref="oc-5ce"/>
      </symbol>
      <symbol id="sm-af6">
         <name>USBDeviceConfigAlternate</name>
         <value>0x1711</value>
         <object_component_ref idref="oc-5da"/>
      </symbol>
      <symbol id="sm-af7">
         <name>USBDeviceConfig</name>
         <value>0xc7d</value>
         <object_component_ref idref="oc-5c6"/>
      </symbol>
      <symbol id="sm-b44">
         <name>uDMAChannelControlSet</name>
         <value>0x2cbd</value>
         <object_component_ref idref="oc-5eb"/>
      </symbol>
      <symbol id="sm-b45">
         <name>uDMAChannelDisable</name>
         <value>0x2ec1</value>
         <object_component_ref idref="oc-605"/>
      </symbol>
      <symbol id="sm-b46">
         <name>uDMAChannelModeGet</name>
         <value>0x2be1</value>
         <object_component_ref idref="oc-62a"/>
      </symbol>
      <symbol id="sm-b47">
         <name>uDMAChannelTransferSet</name>
         <value>0x1929</value>
         <object_component_ref idref="oc-639"/>
      </symbol>
      <symbol id="sm-b48">
         <name>uDMAChannelAttributeDisable</name>
         <value>0x24a5</value>
         <object_component_ref idref="oc-5f8"/>
      </symbol>
      <symbol id="sm-b49">
         <name>uDMAChannelEnable</name>
         <value>0x2ed9</value>
         <object_component_ref idref="oc-61e"/>
      </symbol>
      <symbol id="sm-b4a">
         <name>__TI_static_base__</name>
         <value>0x0</value>
      </symbol>
      <symbol id="sm-b4d">
         <name>__mpu_init</name>
         <value>0x0</value>
      </symbol>
      <symbol id="sm-b4e">
         <name>_system_post_cinit</name>
         <value>0x0</value>
      </symbol>
   </symbol_table>
   <title>Link successful</title>
</link_info>
